[dotenv@17.2.3] injecting env (24) from .env -- tip: ÔÜÖ´©Å  specify custom .env file path with { path: '/custom/path/.env' }
--- Testing Ad Locations API Security ---
Attempting to access http://127.0.0.1:3000/api/admin/ad-locations without a token...
Response Status: 401
Response Headers: {
  "cache-control": "no-store, no-cache, must-revalidate, proxy-revalidate",
  "connection": "keep-alive",
  "content-length": "150",
  "content-security-policy-report-only": "default-src 'self'; script-src 'self' 'unsafe-inline' 'unsafe-eval' https://fonts.googleapis.com https://va.vercel-scripts.com https://upload-widget.cloudinary.com https://vercel.live blob:; style-src 'self' 'unsafe-inline' https://fonts.googleapis.com https://fonts.gstatic.com; img-src 'self' data: blob: https://res.cloudinary.com https://*.supabase.co https://voiceofupsa.com https://*.vercel.app https://vercel.com https://fonts.gstatic.com https://www.google-analytics.com; font-src 'self' https://fonts.gstatic.com data:; connect-src 'self' https://api.vercel.com https://*.supabase.co https://va.vercel-scripts.com https://api.cloudinary.com https://www.google-analytics.com wss://*.supabase.co; frame-src 'self' https://upload-widget.cloudinary.com https://vercel.live; object-src 'none'; base-uri 'self'; form-action 'self'; frame-ancestors 'none'; report-uri /api/security/csp-report; report-to csp-endpoint",
  "content-type": "application/json; charset=utf-8",
  "cross-origin-embedder-policy": "unsafe-none",
  "cross-origin-opener-policy": "same-origin",
  "cross-origin-resource-policy": "same-origin",
  "date": "Sun, 04 Jan 2026 01:07:24 GMT",
  "etag": "\"ryba7xsldy46\"",
  "expires": "0",
  "keep-alive": "timeout=5",
  "permissions-policy": "microphone=(), geolocation=(), camera=(), payment=(), usb=(), magnetometer=(), gyroscope=(), accelerometer=()",
  "pragma": "no-cache",
  "referrer-policy": "strict-origin-when-cross-origin",
  "strict-transport-security": "max-age=31536000; includeSubDomains; preload",
  "vary": "Accept-Encoding",
  "x-content-type-options": "nosniff",
  "x-frame-options": "DENY",
  "x-nonce": "Hm9TtGJDGJroHCk3Hy5B6w==",
  "x-permitted-cross-domain-policies": "none",
  "x-request-id": "req_1767488844224_pwlio85k6",
  "x-xss-protection": "1; mode=block"
}
Response Body (first 100 chars): {"success":false,"error":{"code":"CMS_ACCESS_DENIED","message":"Authentication token required","deta
Ô£à SUCCESS: API correctly rejected unauthenticated request.
